/home/ee6483_106/.conda/envs/py311/lib/python3.11/site-packages/torch/utils/data/dataloader.py:627: UserWarning: This DataLoader will create 8 worker processes in total. Our suggested max number of worker in current system is 4, which is smaller than what this DataLoader is going to create. Please be aware that excessive worker creation might get DataLoader running slow or even freeze, lower the worker number to avoid potential slowness/freeze if necessary.
  warnings.warn(
/home/ee6483_106/EE6483_proj/main.py:89: FutureWarning: `torch.cuda.amp.autocast(args...)` is deprecated. Please use `torch.amp.autocast('cuda', args...)` instead.
  with torch.cuda.amp.autocast(enabled=(scaler is not None)):
Epoch 01/15 | train_loss=0.2582 acc=0.9680 | val_loss=0.2462 acc=0.9744 | time=35.3s
  * New best acc 0.9744 at epoch 1, saved to outputs/best.pt
Epoch 02/15 | train_loss=0.2282 acc=0.9855 | val_loss=0.2371 acc=0.9786 | time=30.6s
  * New best acc 0.9786 at epoch 2, saved to outputs/best.pt
Epoch 03/15 | train_loss=0.2244 acc=0.9867 | val_loss=0.2296 acc=0.9828 | time=30.7s
  * New best acc 0.9828 at epoch 3, saved to outputs/best.pt
Epoch 04/15 | train_loss=0.2169 acc=0.9913 | val_loss=0.2418 acc=0.9738 | time=30.8s
Epoch 05/15 | train_loss=0.2143 acc=0.9922 | val_loss=0.2315 acc=0.9826 | time=30.7s
Epoch 06/15 | train_loss=0.2105 acc=0.9943 | val_loss=0.2345 acc=0.9810 | time=31.4s
Epoch 07/15 | train_loss=0.2078 acc=0.9952 | val_loss=0.2321 acc=0.9800 | time=31.1s
Epoch 08/15 | train_loss=0.2052 acc=0.9972 | val_loss=0.2282 acc=0.9832 | time=30.9s
  * New best acc 0.9832 at epoch 8, saved to outputs/best.pt
Epoch 09/15 | train_loss=0.2037 acc=0.9981 | val_loss=0.2193 acc=0.9904 | time=31.0s
  * New best acc 0.9904 at epoch 9, saved to outputs/best.pt
Epoch 10/15 | train_loss=0.2016 acc=0.9990 | val_loss=0.2209 acc=0.9868 | time=30.8s
Epoch 11/15 | train_loss=0.2006 acc=0.9994 | val_loss=0.2210 acc=0.9874 | time=31.8s
Epoch 12/15 | train_loss=0.2001 acc=0.9996 | val_loss=0.2193 acc=0.9886 | time=31.5s
Epoch 13/15 | train_loss=0.2000 acc=0.9996 | val_loss=0.2190 acc=0.9888 | time=31.5s
Epoch 14/15 | train_loss=0.1999 acc=0.9997 | val_loss=0.2186 acc=0.9892 | time=31.3s
  * Early stopping triggered.
[Summary] Best val acc=0.9904 at epoch=9
Saved outputs/submission.csv
